exports[`NoMatch renders 1`] = `
<h1>
  404 â€“ Page Not Found
</h1>
`;
