exports[`Sidebar renders 1`] = `"<div data-radium=\"true\"><div class=\"bm-overlay\" style=\"position:fixed;z-index:1;width:100%;height:100%;background:rgba(0, 0, 0, 0.3);opacity:0;transform:translate3d(100%, 0, 0);transition:opacity 0.3s, transform 0s 0.3s;\" data-radium=\"true\"></div><div id=\"\" class=\"bm-menu-wrap\" style=\"position:fixed;right:inherit;z-index:2;width:300px;height:100%;transform:translate3d(-100%, 0, 0);transition:all 0.5s;\" data-radium=\"true\"><div class=\"bm-menu\" style=\"height:100%;box-sizing:border-box;overflow:auto;\" data-radium=\"true\"><nav class=\"bm-item-list\" style=\"height:100%;\" data-radium=\"true\"><div class=\"user-bar\" style=\"display:block;outline:none;\" data-radium=\"true\"><span>Display Name</span><img src=\"photoURL\" alt=\"avatar for Display Name\" class=\"profile-picture\"/></div><button style=\"0:[object Object];\" type=\"button\" class=\"btn btn-primary\">Sign Out</button></nav></div><div data-radium=\"true\"><div class=\"bm-cross-button\" style=\"position:absolute;width:24px;height:24px;right:8px;top:8px;\" data-radium=\"true\"><span style=\"position:absolute;top:6px;right:14px;\" data-radium=\"true\"><span class=\"bm-cross\" style=\"position:absolute;width:3px;height:14px;transform:rotate(45deg);\" data-radium=\"true\"></span><span class=\"bm-cross\" style=\"position:absolute;width:3px;height:14px;transform:rotate(-45deg);\" data-radium=\"true\"></span></span><button style=\"position:absolute;left:0;top:0;width:100%;height:100%;margin:0;padding:0;border:none;text-indent:-9999px;background:transparent;outline:none;\" data-radium=\"true\">Close Menu</button></div></div></div><div class=\"bm-burger-button\" style=\"z-index:1;\" data-radium=\"true\"><span data-radium=\"true\"><span class=\"bm-burger-bars\" style=\"position:absolute;height:20%;left:0;right:0;top:0%;opacity:1;\" data-radium=\"true\"></span><span class=\"bm-burger-bars\" style=\"position:absolute;height:20%;left:0;right:0;top:40%;opacity:1;\" data-radium=\"true\"></span><span class=\"bm-burger-bars\" style=\"position:absolute;height:20%;left:0;right:0;top:80%;opacity:1;\" data-radium=\"true\"></span></span><button style=\"position:absolute;left:0;top:0;width:100%;height:100%;margin:0;padding:0;border:none;opacity:0;font-size:8px;\" data-radium=\"true\">Open Menu</button></div></div>"`;
